* using log directory ‘/app/visdat.Rcheck’
* using R version 4.3.3 (2024-02-29)
* using platform: x86_64-pc-linux-gnu (64-bit)
* R was compiled by
    gcc (Ubuntu 13.2.0-23ubuntu3) 13.2.0
    GNU Fortran (Ubuntu 13.2.0-23ubuntu3) 13.2.0
* running under: Ubuntu 24.04.4 LTS
* using session charset: UTF-8
* using option ‘--no-vignettes’
* checking for file ‘visdat/DESCRIPTION’ ... OK
* this is package ‘visdat’ version ‘0.6.0.9000’
* package encoding: UTF-8
* checking package namespace information ... OK
* checking package dependencies ... NOTE
Packages suggested but not available for checking:
  'testthat', 'plotly', 'vdiffr', 'spelling', 'covr'
* checking if this is a source package ... OK
* checking if there is a namespace ... OK
* checking for executable files ... OK
* checking for hidden files and directories ... OK
* checking for portable file names ... OK
* checking for sufficient/correct file permissions ... OK
* checking whether package ‘visdat’ can be installed ... OK
* checking installed package size ... OK
* checking package directory ... OK
* checking DESCRIPTION meta-information ... OK
* checking top-level files ... OK
* checking for left-over files ... OK
* checking index information ... OK
* checking package subdirectories ... OK
* checking R files for non-ASCII characters ... OK
* checking R files for syntax errors ... OK
* checking whether the package can be loaded ... OK
* checking whether the package can be loaded with stated dependencies ... OK
* checking whether the package can be unloaded cleanly ... OK
* checking whether the namespace can be loaded with stated dependencies ... OK
* checking whether the namespace can be unloaded cleanly ... OK
* checking loading without being on the library search path ... OK
* checking dependencies in R code ... WARNING
'::' or ':::' import not declared from: ‘tsbox’
* checking S3 generic/method consistency ... WARNING
vis_miss:
  function(x, ...)
vis_miss.data.frame:
  function(x, cluster, sort_miss, show_perc, show_perc_col,
           large_data_size, warn_large_data, facet, transpose)
See section ‘Generic functions and methods’ in the ‘Writing R
Extensions’ manual.
* checking replacement functions ... OK
* checking foreign function calls ... OK
* checking R code for possible problems ... NOTE
vis_binary.data.frame: no visible binding for global variable ‘time’
vis_compare.data.frame: no visible binding for global variable ‘time’
vis_dat.data.frame: no visible binding for global variable ‘time’
vis_expect.data.frame: no visible binding for global variable ‘time’
vis_guess.data.frame: no visible binding for global variable ‘time’
vis_miss.data.frame: no visible binding for global variable ‘time’
vis_value.data.frame: no visible binding for global variable ‘time’
Undefined global functions or variables:
  time
Consider adding
  importFrom("stats", "time")
to your NAMESPACE file.
* checking Rd files ... OK
* checking Rd metadata ... OK
* checking Rd cross-references ... OK
* checking for missing documentation entries ... OK
* checking for code/documentation mismatches ... OK
* checking Rd \usage sections ... WARNING
Undocumented arguments in documentation object 'vis_binary'
  ‘...’
Documented arguments not in \usage in documentation object 'vis_binary':
  ‘col_zero’ ‘col_one’ ‘col_na’ ‘order’

Undocumented arguments in documentation object 'vis_compare'
  ‘...’

Documented arguments not in \usage in documentation object 'vis_cor':
  ‘cor_method’ ‘na_action’ ‘facet’

Undocumented arguments in documentation object 'vis_dat'
  ‘...’
Documented arguments not in \usage in documentation object 'vis_dat':
  ‘sort_type’ ‘palette’ ‘warn_large_data’ ‘large_data_size’ ‘facet’

Undocumented arguments in documentation object 'vis_expect'
  ‘...’
Documented arguments not in \usage in documentation object 'vis_expect':
  ‘expectation’ ‘show_perc’

Undocumented arguments in documentation object 'vis_guess'
  ‘...’
Documented arguments not in \usage in documentation object 'vis_guess':
  ‘palette’

Undocumented arguments in documentation object 'vis_miss'
  ‘...’
Documented arguments not in \usage in documentation object 'vis_miss':
  ‘cluster’ ‘sort_miss’ ‘show_perc’ ‘show_perc_col’ ‘warn_large_data’
  ‘large_data_size’ ‘facet’

Undocumented arguments in documentation object 'vis_value'
  ‘...’
Documented arguments not in \usage in documentation object 'vis_value':
  ‘na_colour’ ‘viridis_option’

Functions with \usage entries need to have the appropriate \alias
entries, and all their arguments documented.
The \usage entries must correspond to syntactically valid R code.
See chapter ‘Writing R documentation files’ in the ‘Writing R
Extensions’ manual.
* checking Rd contents ... OK
* checking for unstated dependencies in examples ... OK
* checking contents of ‘data’ directory ... OK
* checking data for non-ASCII characters ... OK
* checking LazyData ... OK
* checking data for ASCII and uncompressed saves ... OK
* checking files in ‘vignettes’ ... WARNING
Files in the 'vignettes' directory but no files in 'inst/doc':
  ‘customising-colour-palettes.Rmd’ ‘using_visdat.Rmd’
* checking examples ... OK
* checking for unstated dependencies in ‘tests’ ... OK
* checking tests ...
  Running ‘spelling.R’
  Running ‘testthat.R’
 OK
* checking for unstated dependencies in vignettes ... OK
* checking package vignettes in ‘inst/doc’ ... WARNING
Directory 'inst/doc' does not exist.
Package vignettes without corresponding single PDF/HTML:
  ‘customising-colour-palettes.Rmd’
  ‘using_visdat.Rmd’
* checking running R code from vignettes ... SKIPPED
* checking re-building of vignette outputs ... SKIPPED
* checking PDF version of manual ... WARNING
LaTeX errors when creating PDF version.
This typically indicates Rd problems.
* checking PDF version of manual without index ... ERROR
Re-running with no redirection of stdout/stderr.
Hmm ... looks like a package
Converting parsed Rd's to LaTeX .
Creating pdf output from LaTeX ...
Warning in texi2dvi(file = file, pdf = TRUE, clean = clean, quiet = quiet,  :
  texi2dvi script/program not available, using emulation
Error in texi2dvi(file = file, pdf = TRUE, clean = clean, quiet = quiet,  :
  pdflatex is not available
Warning in texi2dvi(file = file, pdf = TRUE, clean = clean, quiet = quiet,  :
  texi2dvi script/program not available, using emulation
Error in texi2dvi(file = file, pdf = TRUE, clean = clean, quiet = quiet,  :
  pdflatex is not available
Error in running tools::texi2pdf()
You may want to clean up by 'rm -Rf /tmp/RtmpVPf0xi/Rd2pdf7a9972694a0c'
* DONE

Status: 1 ERROR, 6 WARNINGs, 2 NOTEs
See
  ‘/app/visdat.Rcheck/00check.log’
for details.
